[+] Containers:
 |- [+] Container: /Game/Maps/Mountains
 |   |- [+] ActorDescs:
 |   |   |- Guid:0293C7024CCBB732D566E1A63AE98059 BaseClass: NativeClass:/Script/Landscape.LandscapeStreamingProxy Name:LandscapeStreamingProxy_22GGT6N0606TOCY28AF2L1X1E_126_3_2_0 Label:LandscapeStreamingProxy_3_2_0 SpatiallyLoaded:1 Bounds:IsValid=true, Min=(X=12600.000 Y=3.000 Z=-103.000), Max=(X=25200.000 Y=12603.000 Z=97.000) RuntimeGrid:None EditorOnly:0 RuntimeOnly:0 HLODRelevant:1 ListedInSceneOutliner:1 IsMainWorldOnly:0
 |   |   |- Guid:0B7BFC654B2A60BAA94D0F82F565206A BaseClass: NativeClass:/Script/Landscape.LandscapeStreamingProxy Name:LandscapeStreamingProxy_22GGT6N0606TOCY28AF2L1X1E_126_0_2_0 Label:LandscapeStreamingProxy_0_2_0 SpatiallyLoaded:1 Bounds:IsValid=true, Min=(X=-25200.000 Y=3.000 Z=-103.000), Max=(X=-12600.000 Y=12603.000 Z=97.000) RuntimeGrid:None EditorOnly:0 RuntimeOnly:0 HLODRelevant:1 ListedInSceneOutliner:1 IsMainWorldOnly:0
 |   |   |- Guid:10544BE44EBED05A15D4AEBD60733AE4 BaseClass:/Game/Enviroment/SkySphere/BP_DayNightCycle.BP_DayNightCycle_C NativeClass:/Script/Engine.Actor Name:BP_DayNightCycle_C_UAID_D88083CC16D221BA02_1377909719 Label:BP_DayNightCycle SpatiallyLoaded:1 Bounds:IsValid=true, Min=(X=-72390754.822 Y=-80626286.332 Z=-71452115.592), Max=(X=72401726.822 Y=80608998.332 Z=71452561.592) RuntimeGrid:None EditorOnly:0 RuntimeOnly:0 HLODRelevant:0 ListedInSceneOutliner:1 IsMainWorldOnly:0 FolderPath:Lighting FolderGuid:963EC3EB4002CCE9759E2EBA541A873A
 |   |   |- Guid:151F6E1E4711AFD5065389AE5369E6E4 BaseClass: NativeClass:/Script/Landscape.LandscapeStreamingProxy Name:LandscapeStreamingProxy_22GGT6N0606TOCY28AF2L1X1E_126_1_2_0 Label:LandscapeStreamingProxy_1_2_0 SpatiallyLoaded:1 Bounds:IsValid=true, Min=(X=-12600.000 Y=3.000 Z=-6.906), Max=(X=0.000 Y=12603.000 Z=214.969) RuntimeGrid:None EditorOnly:0 RuntimeOnly:0 HLODRelevant:1 ListedInSceneOutliner:1 IsMainWorldOnly:0
 |   |   |- Guid:190E4A924F1E1D98AE50D6942AD0C938 BaseClass: NativeClass:/Script/Landscape.LandscapeStreamingProxy Name:LandscapeStreamingProxy_22GGT6N0606TOCY28AF2L1X1E_126_2_1_0 Label:LandscapeStreamingProxy_2_1_0 SpatiallyLoaded:1 Bounds:IsValid=true, Min=(X=0.000 Y=-12597.000 Z=-103.000), Max=(X=12600.000 Y=3.000 Z=1711.062) RuntimeGrid:None EditorOnly:0 RuntimeOnly:0 HLODRelevant:1 ListedInSceneOutliner:1 IsMainWorldOnly:0
 |   |   |- Guid:19D1EEE442CCD164E717C8A4F5BDE857 BaseClass: NativeClass:/Script/Engine.LocalFogVolume Name:LocalFogVolume_UAID_D88083CC16D247BA02_1169038408 Label:LocalFogVolume2 SpatiallyLoaded:0 Bounds:IsValid=true, Min=(X=-29229.358 Y=3475.476 Z=-196.291), Max=(X=-29229.358 Y=3475.476 Z=-196.291) RuntimeGrid:None EditorOnly:0 RuntimeOnly:0 HLODRelevant:0 ListedInSceneOutliner:1 IsMainWorldOnly:0
 |   |   |- Guid:1D413E23403DFF2A838CCBB269CA5076 BaseClass: NativeClass:/Script/Landscape.LandscapeStreamingProxy Name:LandscapeStreamingProxy_22GGT6N0606TOCY28AF2L1X1E_126_3_3_0 Label:LandscapeStreamingProxy_3_3_0 SpatiallyLoaded:1 Bounds:IsValid=true, Min=(X=12600.000 Y=12603.000 Z=-3.000), Max=(X=25200.000 Y=25203.000 Z=528.250) RuntimeGrid:None EditorOnly:0 RuntimeOnly:0 HLODRelevant:1 ListedInSceneOutliner:1 IsMainWorldOnly:0
 |   |   |- Guid:21322DA4455218DDB468AC94DC130CE5 BaseClass: NativeClass:/Script/Landscape.LandscapeStreamingProxy Name:LandscapeStreamingProxy_22GGT6N0606TOCY28AF2L1X1E_126_3_1_0 Label:LandscapeStreamingProxy_3_1_0 SpatiallyLoaded:1 Bounds:IsValid=true, Min=(X=12600.000 Y=-12597.000 Z=-103.000), Max=(X=25200.000 Y=3.000 Z=248.562) RuntimeGrid:None EditorOnly:0 RuntimeOnly:0 HLODRelevant:1 ListedInSceneOutliner:1 IsMainWorldOnly:0
 |   |   |- Guid:30F624A84312638773736EA5D71A7B10 BaseClass: NativeClass:/Script/Landscape.LandscapeStreamingProxy Name:LandscapeStreamingProxy_22GGT6N0606TOCY28AF2L1X1E_126_0_1_0 Label:LandscapeStreamingProxy_0_1_0 SpatiallyLoaded:1 Bounds:IsValid=true, Min=(X=-25200.000 Y=-12597.000 Z=-3.000), Max=(X=-12600.000 Y=3.000 Z=5510.281) RuntimeGrid:None EditorOnly:0 RuntimeOnly:0 HLODRelevant:1 ListedInSceneOutliner:1 IsMainWorldOnly:0
 |   |   |- Guid:3248727D4D974C181E7F4798B6C2B33F BaseClass: NativeClass:/Script/Engine.LocalFogVolume Name:LocalFogVolume_UAID_D88083CC16D247BA02_1285154414 Label:LocalFogVolume7 SpatiallyLoaded:0 Bounds:IsValid=true, Min=(X=29358.642 Y=-3842.524 Z=-196.291), Max=(X=29358.642 Y=-3842.524 Z=-196.291) RuntimeGrid:None EditorOnly:0 RuntimeOnly:0 HLODRelevant:0 ListedInSceneOutliner:1 IsMainWorldOnly:0
 |   |   |- Guid:35000F4C49E0D138F82E7FBD49E7023A BaseClass: NativeClass:/Script/Niagara.NiagaraActor Name:NiagaraActor_UAID_D88083CC16D247BA02_2019361416 Label:NS_Firelights SpatiallyLoaded:1 Bounds:IsValid=true, Min=(X=-35813.575 Y=-26427.245 Z=1582.966), Max=(X=23613.147 Y=31483.140 Z=3339.581) RuntimeGrid:None EditorOnly:0 RuntimeOnly:0 HLODRelevant:0 ListedInSceneOutliner:1 IsMainWorldOnly:0
 |   |   |- Guid:35A4B9F84423DCB24B2740A2ED1A201A BaseClass: NativeClass:/Script/Engine.LocalFogVolume Name:LocalFogVolume_UAID_D88083CC16D247BA02_1265172412 Label:LocalFogVolume5 SpatiallyLoaded:0 Bounds:IsValid=true, Min=(X=8909.642 Y=29456.476 Z=-196.291), Max=(X=8909.642 Y=29456.476 Z=-196.291) RuntimeGrid:None EditorOnly:0 RuntimeOnly:0 HLODRelevant:0 ListedInSceneOutliner:1 IsMainWorldOnly:0
 |   |   |- Guid:39C4AC2D4165C3CD1135ECB51C0F55D1 BaseClass: NativeClass:/Script/Engine.LocalFogVolume Name:LocalFogVolume_UAID_D88083CC16D247BA02_1293643415 Label:LocalFogVolume8 SpatiallyLoaded:0 Bounds:IsValid=true, Min=(X=29359.642 Y=-17743.524 Z=-196.291), Max=(X=29359.642 Y=-17743.524 Z=-196.291) RuntimeGrid:None EditorOnly:0 RuntimeOnly:0 HLODRelevant:0 ListedInSceneOutliner:1 IsMainWorldOnly:0
 |   |   |- Guid:3A00AA1C422CE54C0BDB60BAF471BFBB BaseClass: NativeClass:/Script/Engine.PlayerStart Name:PlayerStart_0 Label:PlayerStart SpatiallyLoaded:0 Bounds:IsValid=true, Min=(X=-20329.000 Y=1070.000 Z=34.842), Max=(X=-20249.000 Y=1150.000 Z=218.842) RuntimeGrid:None EditorOnly:0 RuntimeOnly:0 HLODRelevant:0 ListedInSceneOutliner:1 IsMainWorldOnly:0
 |   |   |- Guid:3DE0A9A242A06EC3409D90A84AED916D BaseClass: NativeClass:/Script/Engine.LocalFogVolume Name:LocalFogVolume_UAID_D88083CC16D247BA02_1202050409 Label:LocalFogVolume3 SpatiallyLoaded:0 Bounds:IsValid=true, Min=(X=-4389.358 Y=26255.476 Z=-196.291), Max=(X=-4389.358 Y=26255.476 Z=-196.291) RuntimeGrid:None EditorOnly:0 RuntimeOnly:0 HLODRelevant:0 ListedInSceneOutliner:1 IsMainWorldOnly:0
 |   |   |- Guid:45152A60427736A248D2289E24A990A7 BaseClass: NativeClass:/Script/Landscape.LandscapeStreamingProxy Name:LandscapeStreamingProxy_22GGT6N0606TOCY28AF2L1X1E_126_1_1_0 Label:LandscapeStreamingProxy_1_1_0 SpatiallyLoaded:1 Bounds:IsValid=true, Min=(X=-12600.000 Y=-12597.000 Z=-3.000), Max=(X=0.000 Y=3.000 Z=3594.656) RuntimeGrid:None EditorOnly:0 RuntimeOnly:0 HLODRelevant:1 ListedInSceneOutliner:1 IsMainWorldOnly:0
 |   |   |- Guid:4A7893694D4C8DC61FF8288E0687D052 BaseClass: NativeClass:/Script/Engine.LocalFogVolume Name:LocalFogVolume_UAID_D88083CC16D247BA02_1248410411 Label:LocalFogVolume4 SpatiallyLoaded:0 Bounds:IsValid=true, Min=(X=21243.642 Y=26256.476 Z=-196.291), Max=(X=21243.642 Y=26256.476 Z=-196.291) RuntimeGrid:None EditorOnly:0 RuntimeOnly:0 HLODRelevant:0 ListedInSceneOutliner:1 IsMainWorldOnly:0
 |   |   |- Guid:515969C84123CAC34EC9E69BFE2FBA77 BaseClass: NativeClass:/Script/Foliage.InstancedFoliageActor Name:InstancedFoliageActor_25600_-1_-1_-1 Label:InstancedFoliageActor_-1_-1_-1 SpatiallyLoaded:1 Bounds:(Editor:IsValid=true, Min=(X=-25600.000 Y=-25600.000 Z=-25600.000), Max=(X=0.000 Y=0.000 Z=0.000) Runtime:IsValid=true, Min=(X=-25566.292 Y=-8124.057 Z=-135.027), Max=(X=282.051 Y=808.090 Z=1801.479)) RuntimeGrid:None EditorOnly:0 RuntimeOnly:0 HLODRelevant:0 ListedInSceneOutliner:1 IsMainWorldOnly:0
 |   |   |- Guid:52C9D98C41F3F30A572ABCACC3BF94DA BaseClass: NativeClass:/Script/Foliage.InstancedFoliageActor Name:InstancedFoliageActor_25600_-1_0_0 Label:InstancedFoliageActor_-1_0_0 SpatiallyLoaded:1 Bounds:(Editor:IsValid=true, Min=(X=-25600.000 Y=0.000 Z=0.000), Max=(X=0.000 Y=25600.000 Z=25600.000) Runtime:IsValid=true, Min=(X=-25957.560 Y=-287.478 Z=-133.232), Max=(X=697.198 Y=25964.529 Z=1940.825)) RuntimeGrid:None EditorOnly:0 RuntimeOnly:0 HLODRelevant:0 ListedInSceneOutliner:1 IsMainWorldOnly:0
 |   |   |- Guid:5F13554843B59EFEA724F5AECE383799 BaseClass: NativeClass:/Script/NavigationSystem.NavMeshBoundsVolume Name:NavMeshBoundsVolume_UAID_089798C01D1B03A802_1594803432 Label:NavMeshBoundsVolume SpatiallyLoaded:0 Bounds:IsValid=true, Min=(X=-159.750 Y=2120.250 Z=-284.750), Max=(X=3199.750 Y=5479.750 Z=1604.750) RuntimeGrid:None EditorOnly:0 RuntimeOnly:0 HLODRelevant:0 ListedInSceneOutliner:1 IsMainWorldOnly:0
 |   |   |- Guid:5F6AF956406622F95C114293C5A61816 BaseClass: NativeClass:/Script/Landscape.LandscapeStreamingProxy Name:LandscapeStreamingProxy_22GGT6N0606TOCY28AF2L1X1E_126_0_0_0 Label:LandscapeStreamingProxy_0_0_0 SpatiallyLoaded:1 Bounds:IsValid=true, Min=(X=-25200.000 Y=-25197.000 Z=577.469), Max=(X=-12600.000 Y=-12597.000 Z=7682.156) RuntimeGrid:None EditorOnly:0 RuntimeOnly:0 HLODRelevant:1 ListedInSceneOutliner:1 IsMainWorldOnly:0
 |   |   |- Guid:68A05B96473ACD584B9ECDB83CE3ED0E BaseClass: NativeClass:/Script/Foliage.InstancedFoliageActor Name:InstancedFoliageActor_25600_0_0_-1 Label:InstancedFoliageActor_0_0_-1 SpatiallyLoaded:1 Bounds:(Editor:IsValid=true, Min=(X=0.000 Y=0.000 Z=-25600.000), Max=(X=25600.000 Y=25600.000 Z=0.000) Runtime:IsValid=true, Min=(X=-724.112 Y=-686.445 Z=-151.600), Max=(X=26203.543 Y=25337.499 Z=1859.568)) RuntimeGrid:None EditorOnly:0 RuntimeOnly:0 HLODRelevant:0 ListedInSceneOutliner:1 IsMainWorldOnly:0
 |   |   |- Guid:6BAF4DDD444C60371492D3919DB42C97 BaseClass: NativeClass:/Script/Engine.WorldDataLayers Name:WorldDataLayers Label:WorldDataLayers SpatiallyLoaded:0 Bounds:Invalid RuntimeGrid:None EditorOnly:0 RuntimeOnly:0 HLODRelevant:0 ListedInSceneOutliner:1 IsMainWorldOnly:1
 |   |   |- Guid:6D8C734646124668FC10FB81CA0566B4 BaseClass: NativeClass:/Script/Landscape.LandscapeStreamingProxy Name:LandscapeStreamingProxy_22GGT6N0606TOCY28AF2L1X1E_126_1_3_0 Label:LandscapeStreamingProxy_1_3_0 SpatiallyLoaded:1 Bounds:IsValid=true, Min=(X=-12600.000 Y=12603.000 Z=-3.000), Max=(X=0.000 Y=25203.000 Z=188.406) RuntimeGrid:None EditorOnly:0 RuntimeOnly:0 HLODRelevant:1 ListedInSceneOutliner:1 IsMainWorldOnly:0
 |   |   |- Guid:6E5A98E34962F20C14CE7AB2BECF9022 BaseClass: NativeClass:/Script/Landscape.LandscapeStreamingProxy Name:LandscapeStreamingProxy_22GGT6N0606TOCY28AF2L1X1E_126_1_0_0 Label:LandscapeStreamingProxy_1_0_0 SpatiallyLoaded:1 Bounds:IsValid=true, Min=(X=-12600.000 Y=-25197.000 Z=876.688), Max=(X=0.000 Y=-12597.000 Z=6893.094) RuntimeGrid:None EditorOnly:0 RuntimeOnly:0 HLODRelevant:1 ListedInSceneOutliner:1 IsMainWorldOnly:0
 |   |   |- Guid:853FAEFD412A1ECE105F2E951601CB2A BaseClass: NativeClass:/Script/Foliage.InstancedFoliageActor Name:InstancedFoliageActor_25600_-1_-1_0 Label:InstancedFoliageActor_-1_-1_0 SpatiallyLoaded:1 Bounds:(Editor:IsValid=true, Min=(X=-25600.000 Y=-25600.000 Z=0.000), Max=(X=0.000 Y=0.000 Z=25600.000) Runtime:IsValid=true, Min=(X=-25667.646 Y=-14280.950 Z=-142.798), Max=(X=212.156 Y=241.116 Z=3257.234)) RuntimeGrid:None EditorOnly:0 RuntimeOnly:0 HLODRelevant:0 ListedInSceneOutliner:1 IsMainWorldOnly:0
 |   |   |- Guid:92A0EBC54D36DBBC3AF734ABDE546676 BaseClass: NativeClass:/Script/Landscape.LandscapeStreamingProxy Name:LandscapeStreamingProxy_22GGT6N0606TOCY28AF2L1X1E_126_0_3_0 Label:LandscapeStreamingProxy_0_3_0 SpatiallyLoaded:1 Bounds:IsValid=true, Min=(X=-25200.000 Y=12603.000 Z=-103.000), Max=(X=-12600.000 Y=25203.000 Z=210.281) RuntimeGrid:None EditorOnly:0 RuntimeOnly:0 HLODRelevant:1 ListedInSceneOutliner:1 IsMainWorldOnly:0
 |   |   |- Guid:A68146DC43C8D70EA04C849238BA94EE BaseClass: NativeClass:/Script/Landscape.LandscapeStreamingProxy Name:LandscapeStreamingProxy_22GGT6N0606TOCY28AF2L1X1E_126_2_3_0 Label:LandscapeStreamingProxy_2_3_0 SpatiallyLoaded:1 Bounds:IsValid=true, Min=(X=0.000 Y=12603.000 Z=-3.000), Max=(X=12600.000 Y=25203.000 Z=487.625) RuntimeGrid:None EditorOnly:0 RuntimeOnly:0 HLODRelevant:1 ListedInSceneOutliner:1 IsMainWorldOnly:0
 |   |   |- Guid:ACF715084EA93235C5C7109B53D50D50 BaseClass: NativeClass:/Script/Foliage.InstancedFoliageActor Name:InstancedFoliageActor_25600_0_-1_0 Label:InstancedFoliageActor_0_-1_0 SpatiallyLoaded:1 Bounds:(Editor:IsValid=true, Min=(X=0.000 Y=-25600.000 Z=0.000), Max=(X=25600.000 Y=0.000 Z=25600.000) Runtime:IsValid=true, Min=(X=-216.585 Y=-22537.265 Z=-142.691), Max=(X=25791.912 Y=472.635 Z=3350.430)) RuntimeGrid:None EditorOnly:0 RuntimeOnly:0 HLODRelevant:0 ListedInSceneOutliner:1 IsMainWorldOnly:0
 |   |   |- Guid:ADB1E400484082F840A5BFBFB7DD551E BaseClass: NativeClass:/Script/Landscape.LandscapeStreamingProxy Name:LandscapeStreamingProxy_22GGT6N0606TOCY28AF2L1X1E_126_2_0_0 Label:LandscapeStreamingProxy_2_0_0 SpatiallyLoaded:1 Bounds:IsValid=true, Min=(X=0.000 Y=-25197.000 Z=248.562), Max=(X=12600.000 Y=-12597.000 Z=6066.531) RuntimeGrid:None EditorOnly:0 RuntimeOnly:0 HLODRelevant:1 ListedInSceneOutliner:1 IsMainWorldOnly:0
 |   |   |- Guid:B943180C499B12EC38FCBA872BC692E7 BaseClass: NativeClass:/Script/Engine.LocalFogVolume Name:LocalFogVolume_UAID_D88083CC16D247BA02_1276400413 Label:LocalFogVolume6 SpatiallyLoaded:0 Bounds:IsValid=true, Min=(X=29357.642 Y=10978.476 Z=-196.291), Max=(X=29357.642 Y=10978.476 Z=-196.291) RuntimeGrid:None EditorOnly:0 RuntimeOnly:0 HLODRelevant:0 ListedInSceneOutliner:1 IsMainWorldOnly:0
 |   |   |- Guid:BD8F5CDD4382148220776FA391EB4319 BaseClass: NativeClass:/Script/NavigationSystem.RecastNavMesh Name:RecastNavMesh_UAID_089798C01D1B03A802-Default Label:RecastNavMesh-Default SpatiallyLoaded:0 Bounds:IsValid=true, Min=(X=0.000 Y=0.000 Z=0.000), Max=(X=0.000 Y=0.000 Z=0.000) RuntimeGrid:None EditorOnly:0 RuntimeOnly:0 HLODRelevant:0 ListedInSceneOutliner:1 IsMainWorldOnly:0
 |   |   |- Guid:CE8020304DAA4DC9B23289ADAAE023D2 BaseClass: NativeClass:/Script/Landscape.LandscapeStreamingProxy Name:LandscapeStreamingProxy_22GGT6N0606TOCY28AF2L1X1E_126_3_0_0 Label:LandscapeStreamingProxy_3_0_0 SpatiallyLoaded:1 Bounds:IsValid=true, Min=(X=12600.000 Y=-25197.000 Z=-3.000), Max=(X=25200.000 Y=-12597.000 Z=4586.844) RuntimeGrid:None EditorOnly:0 RuntimeOnly:0 HLODRelevant:1 ListedInSceneOutliner:1 IsMainWorldOnly:0
 |   |   |- Guid:D402DB8847F1BBC9D75E0296F9F86901 BaseClass: NativeClass:/Script/Engine.LocalFogVolume Name:LocalFogVolume_UAID_D88083CC16D247BA02_1098274407 Label:LocalFogVolume SpatiallyLoaded:0 Bounds:IsValid=true, Min=(X=-21352.358 Y=19515.476 Z=-196.291), Max=(X=-21352.358 Y=19515.476 Z=-196.291) RuntimeGrid:None EditorOnly:0 RuntimeOnly:0 HLODRelevant:0 ListedInSceneOutliner:1 IsMainWorldOnly:0
 |   |   |- Guid:D7239821487AFB78588616A1A452AD34 BaseClass: NativeClass:/Script/Landscape.LandscapeStreamingProxy Name:LandscapeStreamingProxy_22GGT6N0606TOCY28AF2L1X1E_126_2_2_0 Label:LandscapeStreamingProxy_2_2_0 SpatiallyLoaded:1 Bounds:IsValid=true, Min=(X=0.000 Y=3.000 Z=-9.250), Max=(X=12600.000 Y=12603.000 Z=252.469) RuntimeGrid:None EditorOnly:0 RuntimeOnly:0 HLODRelevant:1 ListedInSceneOutliner:1 IsMainWorldOnly:0
 |   |   |- Guid:DCD8163E42536FAA54AAE1AC58DF6ACD BaseClass: NativeClass:/Script/Foliage.InstancedFoliageActor Name:InstancedFoliageActor_25600_0_-1_-1 Label:InstancedFoliageActor_0_-1_-1 SpatiallyLoaded:1 Bounds:(Editor:IsValid=true, Min=(X=0.000 Y=-25600.000 Z=-25600.000), Max=(X=25600.000 Y=0.000 Z=0.000) Runtime:IsValid=true, Min=(X=-841.722 Y=-18116.790 Z=-150.434), Max=(X=25800.993 Y=657.109 Z=1858.273)) RuntimeGrid:None EditorOnly:0 RuntimeOnly:0 HLODRelevant:0 ListedInSceneOutliner:1 IsMainWorldOnly:0
 |   |   |- Guid:EEC907FC42C4225C266119AE2099475A BaseClass: NativeClass:/Script/Foliage.InstancedFoliageActor Name:InstancedFoliageActor_25600_0_0_0 Label:InstancedFoliageActor_0_0_0 SpatiallyLoaded:1 Bounds:(Editor:IsValid=true, Min=(X=0.000 Y=0.000 Z=0.000), Max=(X=25600.000 Y=25600.000 Z=25600.000) Runtime:IsValid=true, Min=(X=-763.216 Y=-361.195 Z=-134.885), Max=(X=25831.219 Y=26255.639 Z=2056.201)) RuntimeGrid:None EditorOnly:0 RuntimeOnly:0 HLODRelevant:0 ListedInSceneOutliner:1 IsMainWorldOnly:0
 |   |   |- Guid:FA40CD9643F5B2FD6480CE94BFB47B21 BaseClass: NativeClass:/Script/Landscape.Landscape Name:Landscape_UAID_D88083CC16D238A002_1948845311 Label:Landscape SpatiallyLoaded:0 Bounds:IsValid=true, Min=(X=-25200.000 Y=-25197.000 Z=-3.000), Max=(X=-25200.000 Y=-25197.000 Z=-3.000) RuntimeGrid:None EditorOnly:0 RuntimeOnly:0 HLODRelevant:0 ListedInSceneOutliner:1 IsMainWorldOnly:0
 |   |   |- Guid:FCE7052F496AE72501A9F68A3F03C37D BaseClass: NativeClass:/Script/Foliage.InstancedFoliageActor Name:InstancedFoliageActor_25600_-1_0_-1 Label:InstancedFoliageActor_-1_0_-1 SpatiallyLoaded:1 Bounds:(Editor:IsValid=true, Min=(X=-25600.000 Y=0.000 Z=-25600.000), Max=(X=0.000 Y=25600.000 Z=0.000) Runtime:IsValid=true, Min=(X=-26120.582 Y=-741.515 Z=-152.033), Max=(X=528.218 Y=25974.547 Z=1840.985)) RuntimeGrid:None EditorOnly:0 RuntimeOnly:0 HLODRelevant:0 ListedInSceneOutliner:1 IsMainWorldOnly:0
 |   |- [+] Clusters:
 |   |   |- [+] [  0]
 |   |   |   |- Guid:0293C7024CCBB732D566E1A63AE98059 BaseClass: NativeClass:/Script/Landscape.LandscapeStreamingProxy Name:LandscapeStreamingProxy_22GGT6N0606TOCY28AF2L1X1E_126_3_2_0 Label:LandscapeStreamingProxy_3_2_0 SpatiallyLoaded:1 Bounds:IsValid=true, Min=(X=12600.000 Y=3.000 Z=-103.000), Max=(X=25200.000 Y=12603.000 Z=97.000) RuntimeGrid:None EditorOnly:0 RuntimeOnly:0 HLODRelevant:1 ListedInSceneOutliner:1 IsMainWorldOnly:0
 |   |   |- [+] [  1]
 |   |   |   |- Guid:0B7BFC654B2A60BAA94D0F82F565206A BaseClass: NativeClass:/Script/Landscape.LandscapeStreamingProxy Name:LandscapeStreamingProxy_22GGT6N0606TOCY28AF2L1X1E_126_0_2_0 Label:LandscapeStreamingProxy_0_2_0 SpatiallyLoaded:1 Bounds:IsValid=true, Min=(X=-25200.000 Y=3.000 Z=-103.000), Max=(X=-12600.000 Y=12603.000 Z=97.000) RuntimeGrid:None EditorOnly:0 RuntimeOnly:0 HLODRelevant:1 ListedInSceneOutliner:1 IsMainWorldOnly:0
 |   |   |- [+] [  2]
 |   |   |   |- Guid:10544BE44EBED05A15D4AEBD60733AE4 BaseClass:/Game/Enviroment/SkySphere/BP_DayNightCycle.BP_DayNightCycle_C NativeClass:/Script/Engine.Actor Name:BP_DayNightCycle_C_UAID_D88083CC16D221BA02_1377909719 Label:BP_DayNightCycle SpatiallyLoaded:1 Bounds:IsValid=true, Min=(X=-72390754.822 Y=-80626286.332 Z=-71452115.592), Max=(X=72401726.822 Y=80608998.332 Z=71452561.592) RuntimeGrid:None EditorOnly:0 RuntimeOnly:0 HLODRelevant:0 ListedInSceneOutliner:1 IsMainWorldOnly:0 FolderPath:Lighting FolderGuid:963EC3EB4002CCE9759E2EBA541A873A
 |   |   |- [+] [  3]
 |   |   |   |- Guid:151F6E1E4711AFD5065389AE5369E6E4 BaseClass: NativeClass:/Script/Landscape.LandscapeStreamingProxy Name:LandscapeStreamingProxy_22GGT6N0606TOCY28AF2L1X1E_126_1_2_0 Label:LandscapeStreamingProxy_1_2_0 SpatiallyLoaded:1 Bounds:IsValid=true, Min=(X=-12600.000 Y=3.000 Z=-6.906), Max=(X=0.000 Y=12603.000 Z=214.969) RuntimeGrid:None EditorOnly:0 RuntimeOnly:0 HLODRelevant:1 ListedInSceneOutliner:1 IsMainWorldOnly:0
 |   |   |- [+] [  4]
 |   |   |   |- Guid:190E4A924F1E1D98AE50D6942AD0C938 BaseClass: NativeClass:/Script/Landscape.LandscapeStreamingProxy Name:LandscapeStreamingProxy_22GGT6N0606TOCY28AF2L1X1E_126_2_1_0 Label:LandscapeStreamingProxy_2_1_0 SpatiallyLoaded:1 Bounds:IsValid=true, Min=(X=0.000 Y=-12597.000 Z=-103.000), Max=(X=12600.000 Y=3.000 Z=1711.062) RuntimeGrid:None EditorOnly:0 RuntimeOnly:0 HLODRelevant:1 ListedInSceneOutliner:1 IsMainWorldOnly:0
 |   |   |- [+] [  5]
 |   |   |   |- Guid:19D1EEE442CCD164E717C8A4F5BDE857 BaseClass: NativeClass:/Script/Engine.LocalFogVolume Name:LocalFogVolume_UAID_D88083CC16D247BA02_1169038408 Label:LocalFogVolume2 SpatiallyLoaded:0 Bounds:IsValid=true, Min=(X=-29229.358 Y=3475.476 Z=-196.291), Max=(X=-29229.358 Y=3475.476 Z=-196.291) RuntimeGrid:None EditorOnly:0 RuntimeOnly:0 HLODRelevant:0 ListedInSceneOutliner:1 IsMainWorldOnly:0
 |   |   |- [+] [  6]
 |   |   |   |- Guid:1D413E23403DFF2A838CCBB269CA5076 BaseClass: NativeClass:/Script/Landscape.LandscapeStreamingProxy Name:LandscapeStreamingProxy_22GGT6N0606TOCY28AF2L1X1E_126_3_3_0 Label:LandscapeStreamingProxy_3_3_0 SpatiallyLoaded:1 Bounds:IsValid=true, Min=(X=12600.000 Y=12603.000 Z=-3.000), Max=(X=25200.000 Y=25203.000 Z=528.250) RuntimeGrid:None EditorOnly:0 RuntimeOnly:0 HLODRelevant:1 ListedInSceneOutliner:1 IsMainWorldOnly:0
 |   |   |- [+] [  7]
 |   |   |   |- Guid:21322DA4455218DDB468AC94DC130CE5 BaseClass: NativeClass:/Script/Landscape.LandscapeStreamingProxy Name:LandscapeStreamingProxy_22GGT6N0606TOCY28AF2L1X1E_126_3_1_0 Label:LandscapeStreamingProxy_3_1_0 SpatiallyLoaded:1 Bounds:IsValid=true, Min=(X=12600.000 Y=-12597.000 Z=-103.000), Max=(X=25200.000 Y=3.000 Z=248.562) RuntimeGrid:None EditorOnly:0 RuntimeOnly:0 HLODRelevant:1 ListedInSceneOutliner:1 IsMainWorldOnly:0
 |   |   |- [+] [  8]
 |   |   |   |- Guid:30F624A84312638773736EA5D71A7B10 BaseClass: NativeClass:/Script/Landscape.LandscapeStreamingProxy Name:LandscapeStreamingProxy_22GGT6N0606TOCY28AF2L1X1E_126_0_1_0 Label:LandscapeStreamingProxy_0_1_0 SpatiallyLoaded:1 Bounds:IsValid=true, Min=(X=-25200.000 Y=-12597.000 Z=-3.000), Max=(X=-12600.000 Y=3.000 Z=5510.281) RuntimeGrid:None EditorOnly:0 RuntimeOnly:0 HLODRelevant:1 ListedInSceneOutliner:1 IsMainWorldOnly:0
 |   |   |- [+] [  9]
 |   |   |   |- Guid:3248727D4D974C181E7F4798B6C2B33F BaseClass: NativeClass:/Script/Engine.LocalFogVolume Name:LocalFogVolume_UAID_D88083CC16D247BA02_1285154414 Label:LocalFogVolume7 SpatiallyLoaded:0 Bounds:IsValid=true, Min=(X=29358.642 Y=-3842.524 Z=-196.291), Max=(X=29358.642 Y=-3842.524 Z=-196.291) RuntimeGrid:None EditorOnly:0 RuntimeOnly:0 HLODRelevant:0 ListedInSceneOutliner:1 IsMainWorldOnly:0
 |   |   |- [+] [ 10]
 |   |   |   |- Guid:35000F4C49E0D138F82E7FBD49E7023A BaseClass: NativeClass:/Script/Niagara.NiagaraActor Name:NiagaraActor_UAID_D88083CC16D247BA02_2019361416 Label:NS_Firelights SpatiallyLoaded:1 Bounds:IsValid=true, Min=(X=-35813.575 Y=-26427.245 Z=1582.966), Max=(X=23613.147 Y=31483.140 Z=3339.581) RuntimeGrid:None EditorOnly:0 RuntimeOnly:0 HLODRelevant:0 ListedInSceneOutliner:1 IsMainWorldOnly:0
 |   |   |- [+] [ 11]
 |   |   |   |- Guid:35A4B9F84423DCB24B2740A2ED1A201A BaseClass: NativeClass:/Script/Engine.LocalFogVolume Name:LocalFogVolume_UAID_D88083CC16D247BA02_1265172412 Label:LocalFogVolume5 SpatiallyLoaded:0 Bounds:IsValid=true, Min=(X=8909.642 Y=29456.476 Z=-196.291), Max=(X=8909.642 Y=29456.476 Z=-196.291) RuntimeGrid:None EditorOnly:0 RuntimeOnly:0 HLODRelevant:0 ListedInSceneOutliner:1 IsMainWorldOnly:0
 |   |   |- [+] [ 12]
 |   |   |   |- Guid:39C4AC2D4165C3CD1135ECB51C0F55D1 BaseClass: NativeClass:/Script/Engine.LocalFogVolume Name:LocalFogVolume_UAID_D88083CC16D247BA02_1293643415 Label:LocalFogVolume8 SpatiallyLoaded:0 Bounds:IsValid=true, Min=(X=29359.642 Y=-17743.524 Z=-196.291), Max=(X=29359.642 Y=-17743.524 Z=-196.291) RuntimeGrid:None EditorOnly:0 RuntimeOnly:0 HLODRelevant:0 ListedInSceneOutliner:1 IsMainWorldOnly:0
 |   |   |- [+] [ 13]
 |   |   |   |- Guid:3A00AA1C422CE54C0BDB60BAF471BFBB BaseClass: NativeClass:/Script/Engine.PlayerStart Name:PlayerStart_0 Label:PlayerStart SpatiallyLoaded:0 Bounds:IsValid=true, Min=(X=-20329.000 Y=1070.000 Z=34.842), Max=(X=-20249.000 Y=1150.000 Z=218.842) RuntimeGrid:None EditorOnly:0 RuntimeOnly:0 HLODRelevant:0 ListedInSceneOutliner:1 IsMainWorldOnly:0
 |   |   |- [+] [ 14]
 |   |   |   |- Guid:3DE0A9A242A06EC3409D90A84AED916D BaseClass: NativeClass:/Script/Engine.LocalFogVolume Name:LocalFogVolume_UAID_D88083CC16D247BA02_1202050409 Label:LocalFogVolume3 SpatiallyLoaded:0 Bounds:IsValid=true, Min=(X=-4389.358 Y=26255.476 Z=-196.291), Max=(X=-4389.358 Y=26255.476 Z=-196.291) RuntimeGrid:None EditorOnly:0 RuntimeOnly:0 HLODRelevant:0 ListedInSceneOutliner:1 IsMainWorldOnly:0
 |   |   |- [+] [ 15]
 |   |   |   |- Guid:45152A60427736A248D2289E24A990A7 BaseClass: NativeClass:/Script/Landscape.LandscapeStreamingProxy Name:LandscapeStreamingProxy_22GGT6N0606TOCY28AF2L1X1E_126_1_1_0 Label:LandscapeStreamingProxy_1_1_0 SpatiallyLoaded:1 Bounds:IsValid=true, Min=(X=-12600.000 Y=-12597.000 Z=-3.000), Max=(X=0.000 Y=3.000 Z=3594.656) RuntimeGrid:None EditorOnly:0 RuntimeOnly:0 HLODRelevant:1 ListedInSceneOutliner:1 IsMainWorldOnly:0
 |   |   |- [+] [ 16]
 |   |   |   |- Guid:4A7893694D4C8DC61FF8288E0687D052 BaseClass: NativeClass:/Script/Engine.LocalFogVolume Name:LocalFogVolume_UAID_D88083CC16D247BA02_1248410411 Label:LocalFogVolume4 SpatiallyLoaded:0 Bounds:IsValid=true, Min=(X=21243.642 Y=26256.476 Z=-196.291), Max=(X=21243.642 Y=26256.476 Z=-196.291) RuntimeGrid:None EditorOnly:0 RuntimeOnly:0 HLODRelevant:0 ListedInSceneOutliner:1 IsMainWorldOnly:0
 |   |   |- [+] [ 17]
 |   |   |   |- Guid:515969C84123CAC34EC9E69BFE2FBA77 BaseClass: NativeClass:/Script/Foliage.InstancedFoliageActor Name:InstancedFoliageActor_25600_-1_-1_-1 Label:InstancedFoliageActor_-1_-1_-1 SpatiallyLoaded:1 Bounds:(Editor:IsValid=true, Min=(X=-25600.000 Y=-25600.000 Z=-25600.000), Max=(X=0.000 Y=0.000 Z=0.000) Runtime:IsValid=true, Min=(X=-25566.292 Y=-8124.057 Z=-135.027), Max=(X=282.051 Y=808.090 Z=1801.479)) RuntimeGrid:None EditorOnly:0 RuntimeOnly:0 HLODRelevant:0 ListedInSceneOutliner:1 IsMainWorldOnly:0
 |   |   |- [+] [ 18]
 |   |   |   |- Guid:52C9D98C41F3F30A572ABCACC3BF94DA BaseClass: NativeClass:/Script/Foliage.InstancedFoliageActor Name:InstancedFoliageActor_25600_-1_0_0 Label:InstancedFoliageActor_-1_0_0 SpatiallyLoaded:1 Bounds:(Editor:IsValid=true, Min=(X=-25600.000 Y=0.000 Z=0.000), Max=(X=0.000 Y=25600.000 Z=25600.000) Runtime:IsValid=true, Min=(X=-25957.560 Y=-287.478 Z=-133.232), Max=(X=697.198 Y=25964.529 Z=1940.825)) RuntimeGrid:None EditorOnly:0 RuntimeOnly:0 HLODRelevant:0 ListedInSceneOutliner:1 IsMainWorldOnly:0
 |   |   |- [+] [ 19]
 |   |   |   |- Guid:5F13554843B59EFEA724F5AECE383799 BaseClass: NativeClass:/Script/NavigationSystem.NavMeshBoundsVolume Name:NavMeshBoundsVolume_UAID_089798C01D1B03A802_1594803432 Label:NavMeshBoundsVolume SpatiallyLoaded:0 Bounds:IsValid=true, Min=(X=-159.750 Y=2120.250 Z=-284.750), Max=(X=3199.750 Y=5479.750 Z=1604.750) RuntimeGrid:None EditorOnly:0 RuntimeOnly:0 HLODRelevant:0 ListedInSceneOutliner:1 IsMainWorldOnly:0
 |   |   |- [+] [ 20]
 |   |   |   |- Guid:5F6AF956406622F95C114293C5A61816 BaseClass: NativeClass:/Script/Landscape.LandscapeStreamingProxy Name:LandscapeStreamingProxy_22GGT6N0606TOCY28AF2L1X1E_126_0_0_0 Label:LandscapeStreamingProxy_0_0_0 SpatiallyLoaded:1 Bounds:IsValid=true, Min=(X=-25200.000 Y=-25197.000 Z=577.469), Max=(X=-12600.000 Y=-12597.000 Z=7682.156) RuntimeGrid:None EditorOnly:0 RuntimeOnly:0 HLODRelevant:1 ListedInSceneOutliner:1 IsMainWorldOnly:0
 |   |   |- [+] [ 21]
 |   |   |   |- Guid:68A05B96473ACD584B9ECDB83CE3ED0E BaseClass: NativeClass:/Script/Foliage.InstancedFoliageActor Name:InstancedFoliageActor_25600_0_0_-1 Label:InstancedFoliageActor_0_0_-1 SpatiallyLoaded:1 Bounds:(Editor:IsValid=true, Min=(X=0.000 Y=0.000 Z=-25600.000), Max=(X=25600.000 Y=25600.000 Z=0.000) Runtime:IsValid=true, Min=(X=-724.112 Y=-686.445 Z=-151.600), Max=(X=26203.543 Y=25337.499 Z=1859.568)) RuntimeGrid:None EditorOnly:0 RuntimeOnly:0 HLODRelevant:0 ListedInSceneOutliner:1 IsMainWorldOnly:0
 |   |   |- [+] [ 22]
 |   |   |   |- Guid:6BAF4DDD444C60371492D3919DB42C97 BaseClass: NativeClass:/Script/Engine.WorldDataLayers Name:WorldDataLayers Label:WorldDataLayers SpatiallyLoaded:0 Bounds:Invalid RuntimeGrid:None EditorOnly:0 RuntimeOnly:0 HLODRelevant:0 ListedInSceneOutliner:1 IsMainWorldOnly:1
 |   |   |- [+] [ 23]
 |   |   |   |- Guid:6D8C734646124668FC10FB81CA0566B4 BaseClass: NativeClass:/Script/Landscape.LandscapeStreamingProxy Name:LandscapeStreamingProxy_22GGT6N0606TOCY28AF2L1X1E_126_1_3_0 Label:LandscapeStreamingProxy_1_3_0 SpatiallyLoaded:1 Bounds:IsValid=true, Min=(X=-12600.000 Y=12603.000 Z=-3.000), Max=(X=0.000 Y=25203.000 Z=188.406) RuntimeGrid:None EditorOnly:0 RuntimeOnly:0 HLODRelevant:1 ListedInSceneOutliner:1 IsMainWorldOnly:0
 |   |   |- [+] [ 24]
 |   |   |   |- Guid:6E5A98E34962F20C14CE7AB2BECF9022 BaseClass: NativeClass:/Script/Landscape.LandscapeStreamingProxy Name:LandscapeStreamingProxy_22GGT6N0606TOCY28AF2L1X1E_126_1_0_0 Label:LandscapeStreamingProxy_1_0_0 SpatiallyLoaded:1 Bounds:IsValid=true, Min=(X=-12600.000 Y=-25197.000 Z=876.688), Max=(X=0.000 Y=-12597.000 Z=6893.094) RuntimeGrid:None EditorOnly:0 RuntimeOnly:0 HLODRelevant:1 ListedInSceneOutliner:1 IsMainWorldOnly:0
 |   |   |- [+] [ 25]
 |   |   |   |- Guid:853FAEFD412A1ECE105F2E951601CB2A BaseClass: NativeClass:/Script/Foliage.InstancedFoliageActor Name:InstancedFoliageActor_25600_-1_-1_0 Label:InstancedFoliageActor_-1_-1_0 SpatiallyLoaded:1 Bounds:(Editor:IsValid=true, Min=(X=-25600.000 Y=-25600.000 Z=0.000), Max=(X=0.000 Y=0.000 Z=25600.000) Runtime:IsValid=true, Min=(X=-25667.646 Y=-14280.950 Z=-142.798), Max=(X=212.156 Y=241.116 Z=3257.234)) RuntimeGrid:None EditorOnly:0 RuntimeOnly:0 HLODRelevant:0 ListedInSceneOutliner:1 IsMainWorldOnly:0
 |   |   |- [+] [ 26]
 |   |   |   |- Guid:92A0EBC54D36DBBC3AF734ABDE546676 BaseClass: NativeClass:/Script/Landscape.LandscapeStreamingProxy Name:LandscapeStreamingProxy_22GGT6N0606TOCY28AF2L1X1E_126_0_3_0 Label:LandscapeStreamingProxy_0_3_0 SpatiallyLoaded:1 Bounds:IsValid=true, Min=(X=-25200.000 Y=12603.000 Z=-103.000), Max=(X=-12600.000 Y=25203.000 Z=210.281) RuntimeGrid:None EditorOnly:0 RuntimeOnly:0 HLODRelevant:1 ListedInSceneOutliner:1 IsMainWorldOnly:0
 |   |   |- [+] [ 27]
 |   |   |   |- Guid:A68146DC43C8D70EA04C849238BA94EE BaseClass: NativeClass:/Script/Landscape.LandscapeStreamingProxy Name:LandscapeStreamingProxy_22GGT6N0606TOCY28AF2L1X1E_126_2_3_0 Label:LandscapeStreamingProxy_2_3_0 SpatiallyLoaded:1 Bounds:IsValid=true, Min=(X=0.000 Y=12603.000 Z=-3.000), Max=(X=12600.000 Y=25203.000 Z=487.625) RuntimeGrid:None EditorOnly:0 RuntimeOnly:0 HLODRelevant:1 ListedInSceneOutliner:1 IsMainWorldOnly:0
 |   |   |- [+] [ 28]
 |   |   |   |- Guid:ACF715084EA93235C5C7109B53D50D50 BaseClass: NativeClass:/Script/Foliage.InstancedFoliageActor Name:InstancedFoliageActor_25600_0_-1_0 Label:InstancedFoliageActor_0_-1_0 SpatiallyLoaded:1 Bounds:(Editor:IsValid=true, Min=(X=0.000 Y=-25600.000 Z=0.000), Max=(X=25600.000 Y=0.000 Z=25600.000) Runtime:IsValid=true, Min=(X=-216.585 Y=-22537.265 Z=-142.691), Max=(X=25791.912 Y=472.635 Z=3350.430)) RuntimeGrid:None EditorOnly:0 RuntimeOnly:0 HLODRelevant:0 ListedInSceneOutliner:1 IsMainWorldOnly:0
 |   |   |- [+] [ 29]
 |   |   |   |- Guid:ADB1E400484082F840A5BFBFB7DD551E BaseClass: NativeClass:/Script/Landscape.LandscapeStreamingProxy Name:LandscapeStreamingProxy_22GGT6N0606TOCY28AF2L1X1E_126_2_0_0 Label:LandscapeStreamingProxy_2_0_0 SpatiallyLoaded:1 Bounds:IsValid=true, Min=(X=0.000 Y=-25197.000 Z=248.562), Max=(X=12600.000 Y=-12597.000 Z=6066.531) RuntimeGrid:None EditorOnly:0 RuntimeOnly:0 HLODRelevant:1 ListedInSceneOutliner:1 IsMainWorldOnly:0
 |   |   |- [+] [ 30]
 |   |   |   |- Guid:B943180C499B12EC38FCBA872BC692E7 BaseClass: NativeClass:/Script/Engine.LocalFogVolume Name:LocalFogVolume_UAID_D88083CC16D247BA02_1276400413 Label:LocalFogVolume6 SpatiallyLoaded:0 Bounds:IsValid=true, Min=(X=29357.642 Y=10978.476 Z=-196.291), Max=(X=29357.642 Y=10978.476 Z=-196.291) RuntimeGrid:None EditorOnly:0 RuntimeOnly:0 HLODRelevant:0 ListedInSceneOutliner:1 IsMainWorldOnly:0
 |   |   |- [+] [ 31]
 |   |   |   |- Guid:BD8F5CDD4382148220776FA391EB4319 BaseClass: NativeClass:/Script/NavigationSystem.RecastNavMesh Name:RecastNavMesh_UAID_089798C01D1B03A802-Default Label:RecastNavMesh-Default SpatiallyLoaded:0 Bounds:IsValid=true, Min=(X=0.000 Y=0.000 Z=0.000), Max=(X=0.000 Y=0.000 Z=0.000) RuntimeGrid:None EditorOnly:0 RuntimeOnly:0 HLODRelevant:0 ListedInSceneOutliner:1 IsMainWorldOnly:0
 |   |   |- [+] [ 32]
 |   |   |   |- Guid:CE8020304DAA4DC9B23289ADAAE023D2 BaseClass: NativeClass:/Script/Landscape.LandscapeStreamingProxy Name:LandscapeStreamingProxy_22GGT6N0606TOCY28AF2L1X1E_126_3_0_0 Label:LandscapeStreamingProxy_3_0_0 SpatiallyLoaded:1 Bounds:IsValid=true, Min=(X=12600.000 Y=-25197.000 Z=-3.000), Max=(X=25200.000 Y=-12597.000 Z=4586.844) RuntimeGrid:None EditorOnly:0 RuntimeOnly:0 HLODRelevant:1 ListedInSceneOutliner:1 IsMainWorldOnly:0
 |   |   |- [+] [ 33]
 |   |   |   |- Guid:D402DB8847F1BBC9D75E0296F9F86901 BaseClass: NativeClass:/Script/Engine.LocalFogVolume Name:LocalFogVolume_UAID_D88083CC16D247BA02_1098274407 Label:LocalFogVolume SpatiallyLoaded:0 Bounds:IsValid=true, Min=(X=-21352.358 Y=19515.476 Z=-196.291), Max=(X=-21352.358 Y=19515.476 Z=-196.291) RuntimeGrid:None EditorOnly:0 RuntimeOnly:0 HLODRelevant:0 ListedInSceneOutliner:1 IsMainWorldOnly:0
 |   |   |- [+] [ 34]
 |   |   |   |- Guid:D7239821487AFB78588616A1A452AD34 BaseClass: NativeClass:/Script/Landscape.LandscapeStreamingProxy Name:LandscapeStreamingProxy_22GGT6N0606TOCY28AF2L1X1E_126_2_2_0 Label:LandscapeStreamingProxy_2_2_0 SpatiallyLoaded:1 Bounds:IsValid=true, Min=(X=0.000 Y=3.000 Z=-9.250), Max=(X=12600.000 Y=12603.000 Z=252.469) RuntimeGrid:None EditorOnly:0 RuntimeOnly:0 HLODRelevant:1 ListedInSceneOutliner:1 IsMainWorldOnly:0
 |   |   |- [+] [ 35]
 |   |   |   |- Guid:DCD8163E42536FAA54AAE1AC58DF6ACD BaseClass: NativeClass:/Script/Foliage.InstancedFoliageActor Name:InstancedFoliageActor_25600_0_-1_-1 Label:InstancedFoliageActor_0_-1_-1 SpatiallyLoaded:1 Bounds:(Editor:IsValid=true, Min=(X=0.000 Y=-25600.000 Z=-25600.000), Max=(X=25600.000 Y=0.000 Z=0.000) Runtime:IsValid=true, Min=(X=-841.722 Y=-18116.790 Z=-150.434), Max=(X=25800.993 Y=657.109 Z=1858.273)) RuntimeGrid:None EditorOnly:0 RuntimeOnly:0 HLODRelevant:0 ListedInSceneOutliner:1 IsMainWorldOnly:0
 |   |   |- [+] [ 36]
 |   |   |   |- Guid:EEC907FC42C4225C266119AE2099475A BaseClass: NativeClass:/Script/Foliage.InstancedFoliageActor Name:InstancedFoliageActor_25600_0_0_0 Label:InstancedFoliageActor_0_0_0 SpatiallyLoaded:1 Bounds:(Editor:IsValid=true, Min=(X=0.000 Y=0.000 Z=0.000), Max=(X=25600.000 Y=25600.000 Z=25600.000) Runtime:IsValid=true, Min=(X=-763.216 Y=-361.195 Z=-134.885), Max=(X=25831.219 Y=26255.639 Z=2056.201)) RuntimeGrid:None EditorOnly:0 RuntimeOnly:0 HLODRelevant:0 ListedInSceneOutliner:1 IsMainWorldOnly:0
 |   |   |- [+] [ 37]
 |   |   |   |- Guid:FA40CD9643F5B2FD6480CE94BFB47B21 BaseClass: NativeClass:/Script/Landscape.Landscape Name:Landscape_UAID_D88083CC16D238A002_1948845311 Label:Landscape SpatiallyLoaded:0 Bounds:IsValid=true, Min=(X=-25200.000 Y=-25197.000 Z=-3.000), Max=(X=-25200.000 Y=-25197.000 Z=-3.000) RuntimeGrid:None EditorOnly:0 RuntimeOnly:0 HLODRelevant:0 ListedInSceneOutliner:1 IsMainWorldOnly:0
 |   |   |- [+] [ 38]
 |   |   |   |- Guid:FCE7052F496AE72501A9F68A3F03C37D BaseClass: NativeClass:/Script/Foliage.InstancedFoliageActor Name:InstancedFoliageActor_25600_-1_0_-1 Label:InstancedFoliageActor_-1_0_-1 SpatiallyLoaded:1 Bounds:(Editor:IsValid=true, Min=(X=-25600.000 Y=0.000 Z=-25600.000), Max=(X=0.000 Y=25600.000 Z=0.000) Runtime:IsValid=true, Min=(X=-26120.582 Y=-741.515 Z=-152.033), Max=(X=528.218 Y=25974.547 Z=1840.985)) RuntimeGrid:None EditorOnly:0 RuntimeOnly:0 HLODRelevant:0 ListedInSceneOutliner:1 IsMainWorldOnly:0
 |- ContainerInstances:
 |- [+] MainContainer:
 |   |-        ID: 00000000000000000000000000000000
 |   |-  ParentID: 00000000000000000000000000000000
 |   |-    Bounds: IsValid=false, Min=(X=0.000 Y=0.000 Z=0.000), Max=(X=0.000 Y=0.000 Z=0.000)
 |   |- Transform: 0.000000,0.000000,0.000000|0.000000,0.000000,-0.000000|1.000000,1.000000,1.000000
 |   |- Container: /Game/Maps/Mountains
----------------------------------------------------------------------------------------------------------------
Mountains - Persistent Level
----------------------------------------------------------------------------------------------------------------
[+] Content of Mountains Persistent Level
 |- Always loaded Actor Count: 39 
 |- Actor Path: /Game/Maps/Mountains.Mountains:PersistentLevel.BP_DayNightCycle_C_UAID_D88083CC16D221BA02_1377909719
 |- Actor Package: /Game/__ExternalActors__/Maps/Mountains/8/97/CD4NVFA8JLSG3SA39VN7FH
 |- Actor Path: /Game/Maps/Mountains.Mountains:PersistentLevel.InstancedFoliageActor_25600_-1_-1_-1
 |- Actor Package: /Game/__ExternalActors__/Maps/Mountains/8/OC/3TSXNEJT38F8WLAQVYGUNW
 |- Actor Path: /Game/Maps/Mountains.Mountains:PersistentLevel.InstancedFoliageActor_25600_-1_-1_0
 |- Actor Package: /Game/__ExternalActors__/Maps/Mountains/6/1W/M0GPDVJ3S9KER8ZY7XXCVY
 |- Actor Path: /Game/Maps/Mountains.Mountains:PersistentLevel.InstancedFoliageActor_25600_-1_0_-1
 |- Actor Package: /Game/__ExternalActors__/Maps/Mountains/B/I4/PG1UU9FHYGGB3JVK7967HX
 |- Actor Path: /Game/Maps/Mountains.Mountains:PersistentLevel.InstancedFoliageActor_25600_-1_0_0
 |- Actor Package: /Game/__ExternalActors__/Maps/Mountains/E/L9/E2AXFSZIPYOGTO7GL239SZ
 |- Actor Path: /Game/Maps/Mountains.Mountains:PersistentLevel.InstancedFoliageActor_25600_0_-1_-1
 |- Actor Package: /Game/__ExternalActors__/Maps/Mountains/A/MG/WMCWP183IR8EOXY2IRAGIK
 |- Actor Path: /Game/Maps/Mountains.Mountains:PersistentLevel.InstancedFoliageActor_25600_0_-1_0
 |- Actor Package: /Game/__ExternalActors__/Maps/Mountains/C/PE/ZASGJJWTHMRS1G8Y5A2T2Y
 |- Actor Path: /Game/Maps/Mountains.Mountains:PersistentLevel.InstancedFoliageActor_25600_0_0_-1
 |- Actor Package: /Game/__ExternalActors__/Maps/Mountains/E/UG/D0S0CX3V8B3NR3TX598S94
 |- Actor Path: /Game/Maps/Mountains.Mountains:PersistentLevel.InstancedFoliageActor_25600_0_0_0
 |- Actor Package: /Game/__ExternalActors__/Maps/Mountains/4/CM/CT7H28DFXS9TL1KPO9HSK5
 |- Actor Path: /Game/Maps/Mountains.Mountains:PersistentLevel.Landscape_UAID_D88083CC16D238A002_1948845311
 |- Actor Package: /Game/__ExternalActors__/Maps/Mountains/1/ND/L6HDU9W3S67NJ2GNQSC50B
 |- Actor Path: /Game/Maps/Mountains.Mountains:PersistentLevel.LandscapeStreamingProxy_22GGT6N0606TOCY28AF2L1X1E_126_0_0_0
 |- Actor Package: /Game/__ExternalActors__/Maps/Mountains/E/WZ/SOVW1KM4TSGYMO9JX41LKC
 |- Actor Path: /Game/Maps/Mountains.Mountains:PersistentLevel.LandscapeStreamingProxy_22GGT6N0606TOCY28AF2L1X1E_126_0_1_0
 |- Actor Package: /Game/__ExternalActors__/Maps/Mountains/C/6G/DY7NI9HBEY0UNV8TN1TDDG
 |- Actor Path: /Game/Maps/Mountains.Mountains:PersistentLevel.LandscapeStreamingProxy_22GGT6N0606TOCY28AF2L1X1E_126_0_2_0
 |- Actor Package: /Game/__ExternalActors__/Maps/Mountains/E/50/UWY2XO0VAITKGQIZ7227C8
 |- Actor Path: /Game/Maps/Mountains.Mountains:PersistentLevel.LandscapeStreamingProxy_22GGT6N0606TOCY28AF2L1X1E_126_0_3_0
 |- Actor Package: /Game/__ExternalActors__/Maps/Mountains/4/DX/Z929JYYR68WGO6A8AS4HV8
 |- Actor Path: /Game/Maps/Mountains.Mountains:PersistentLevel.LandscapeStreamingProxy_22GGT6N0606TOCY28AF2L1X1E_126_1_0_0
 |- Actor Package: /Game/__ExternalActors__/Maps/Mountains/8/FK/FSWTXOE40A9L0RX0DP5THR
 |- Actor Path: /Game/Maps/Mountains.Mountains:PersistentLevel.LandscapeStreamingProxy_22GGT6N0606TOCY28AF2L1X1E_126_1_1_0
 |- Actor Package: /Game/__ExternalActors__/Maps/Mountains/3/6E/SJORE4ZC6VDLFZAHY69QHA
 |- Actor Path: /Game/Maps/Mountains.Mountains:PersistentLevel.LandscapeStreamingProxy_22GGT6N0606TOCY28AF2L1X1E_126_1_2_0
 |- Actor Package: /Game/__ExternalActors__/Maps/Mountains/3/T5/GCY9EU1JA9TCRJ06BTRWOP
 |- Actor Path: /Game/Maps/Mountains.Mountains:PersistentLevel.LandscapeStreamingProxy_22GGT6N0606TOCY28AF2L1X1E_126_1_3_0
 |- Actor Package: /Game/__ExternalActors__/Maps/Mountains/D/K6/PEFMAS0OPP2SCG86YKG90I
 |- Actor Path: /Game/Maps/Mountains.Mountains:PersistentLevel.LandscapeStreamingProxy_22GGT6N0606TOCY28AF2L1X1E_126_2_0_0
 |- Actor Package: /Game/__ExternalActors__/Maps/Mountains/B/2O/P55M1JOFLEY2IYGF2GN1NR
 |- Actor Path: /Game/Maps/Mountains.Mountains:PersistentLevel.LandscapeStreamingProxy_22GGT6N0606TOCY28AF2L1X1E_126_2_1_0
 |- Actor Package: /Game/__ExternalActors__/Maps/Mountains/7/K2/WHU6P2JSXMK4DOSRF9U55O
 |- Actor Path: /Game/Maps/Mountains.Mountains:PersistentLevel.LandscapeStreamingProxy_22GGT6N0606TOCY28AF2L1X1E_126_2_2_0
 |- Actor Package: /Game/__ExternalActors__/Maps/Mountains/A/VG/Q69O4AIKE8YW0RN303SESY
 |- Actor Path: /Game/Maps/Mountains.Mountains:PersistentLevel.LandscapeStreamingProxy_22GGT6N0606TOCY28AF2L1X1E_126_2_3_0
 |- Actor Package: /Game/__ExternalActors__/Maps/Mountains/E/KT/JCWLVO1R4MD9DQGZEMZZ6F
 |- Actor Path: /Game/Maps/Mountains.Mountains:PersistentLevel.LandscapeStreamingProxy_22GGT6N0606TOCY28AF2L1X1E_126_3_0_0
 |- Actor Package: /Game/__ExternalActors__/Maps/Mountains/C/6X/9XWEH5KNNWC4W1C89BM334
 |- Actor Path: /Game/Maps/Mountains.Mountains:PersistentLevel.LandscapeStreamingProxy_22GGT6N0606TOCY28AF2L1X1E_126_3_1_0
 |- Actor Package: /Game/__ExternalActors__/Maps/Mountains/4/IQ/E1T1R9N7LGED0HNZEXTUKH
 |- Actor Path: /Game/Maps/Mountains.Mountains:PersistentLevel.LandscapeStreamingProxy_22GGT6N0606TOCY28AF2L1X1E_126_3_2_0
 |- Actor Package: /Game/__ExternalActors__/Maps/Mountains/C/98/A5FOBCHQ1NJB51W6HUN8ZW
 |- Actor Path: /Game/Maps/Mountains.Mountains:PersistentLevel.LandscapeStreamingProxy_22GGT6N0606TOCY28AF2L1X1E_126_3_3_0
 |- Actor Package: /Game/__ExternalActors__/Maps/Mountains/5/H2/F43UMTF1JBRBLCKP3LKQZD
 |- Actor Path: /Game/Maps/Mountains.Mountains:PersistentLevel.LocalFogVolume_UAID_D88083CC16D247BA02_1098274407
 |- Actor Package: /Game/__ExternalActors__/Maps/Mountains/8/OG/8UVKMX96U5F8WO91N1ISW2
 |- Actor Path: /Game/Maps/Mountains.Mountains:PersistentLevel.LocalFogVolume_UAID_D88083CC16D247BA02_1169038408
 |- Actor Package: /Game/__ExternalActors__/Maps/Mountains/3/I6/R1BFBSRXZ12DWPUM5XCG6C
 |- Actor Path: /Game/Maps/Mountains.Mountains:PersistentLevel.LocalFogVolume_UAID_D88083CC16D247BA02_1202050409
 |- Actor Package: /Game/__ExternalActors__/Maps/Mountains/6/HM/H99WB6YTIHNX663B54DCN8
 |- Actor Path: /Game/Maps/Mountains.Mountains:PersistentLevel.LocalFogVolume_UAID_D88083CC16D247BA02_1248410411
 |- Actor Package: /Game/__ExternalActors__/Maps/Mountains/4/QE/K26HNELM53OP932KEWVD07
 |- Actor Path: /Game/Maps/Mountains.Mountains:PersistentLevel.LocalFogVolume_UAID_D88083CC16D247BA02_1265172412
 |- Actor Package: /Game/__ExternalActors__/Maps/Mountains/C/8O/Y4CXMA9CPS9773PS1K7PQN
 |- Actor Path: /Game/Maps/Mountains.Mountains:PersistentLevel.LocalFogVolume_UAID_D88083CC16D247BA02_1276400413
 |- Actor Package: /Game/__ExternalActors__/Maps/Mountains/7/KT/3K6EOPLGFZ0I84NWAFD5KJ
 |- Actor Path: /Game/Maps/Mountains.Mountains:PersistentLevel.LocalFogVolume_UAID_D88083CC16D247BA02_1285154414
 |- Actor Package: /Game/__ExternalActors__/Maps/Mountains/5/5Z/BOP6YSUJFALWDF4J2VDGL8
 |- Actor Path: /Game/Maps/Mountains.Mountains:PersistentLevel.LocalFogVolume_UAID_D88083CC16D247BA02_1293643415
 |- Actor Package: /Game/__ExternalActors__/Maps/Mountains/0/DF/8K0ZDNKB3WGZN5FZR00EHP
 |- Actor Path: /Game/Maps/Mountains.Mountains:PersistentLevel.NavMeshBoundsVolume_UAID_089798C01D1B03A802_1594803432
 |- Actor Package: /Game/__ExternalActors__/Maps/Mountains/7/GJ/88LHDLDA1UJ690CE9JJUGV
 |- Actor Path: /Game/Maps/Mountains.Mountains:PersistentLevel.NiagaraActor_UAID_D88083CC16D247BA02_2019361416
 |- Actor Package: /Game/__ExternalActors__/Maps/Mountains/A/KB/B15QYA0BOXQWKD3P33L2TZ
 |- Actor Path: /Game/Maps/Mountains.Mountains:PersistentLevel.PlayerStart_0
 |- Actor Package: /Game/__ExternalActors__/Maps/Mountains/6/2M/H1DENCXUVP6TZKHGN6PF5I
 |- Actor Path: /Game/Maps/Mountains.Mountains:PersistentLevel.RecastNavMesh_UAID_089798C01D1B03A802-Default
 |- Actor Package: /Game/__ExternalActors__/Maps/Mountains/9/KN/1E4XO9T25QBLC6XHZ3E77L
 |- Actor Path: /Game/Maps/Mountains.Mountains:PersistentLevel.WorldDataLayers
 |- Actor Package: /Game/__ExternalActors__/Maps/Mountains/6/HV/QZBUAZQME6RLK0UZ6IQW21

----------------------------------------------------------------------------------------------------------------
Mountains - Runtime Hash Set
----------------------------------------------------------------------------------------------------------------

